
Dear Aunt Mildred,

It was a pleasure to see you at the wedding.
Thank you for the lovely bone china tea set.

Best wishes,
Jessie
