
Dear Cousin Rodney,

It was a pleasure to see you at the wedding.

Best wishes,
Jessie
