
Dear Uncle John,

It is a shame you couldn't make it to the wedding.
Thank you for the lovely moleskin pants.

Best wishes,
Jessie
